2025-08-25 12:00:21,004 - notification_scheduler - INFO - 설정 파일 로드 완료
2025-08-25 12:00:21,005 - notification_scheduler - INFO - 알림 방식: 이메일 (Gmail)
2025-08-25 12:00:21,005 - notification_scheduler - INFO - 근무 시간: 11:50 - 14:00
2025-08-25 12:00:21,005 - notification_scheduler - INFO - 휴식 간격: 1분
2025-08-25 12:00:23,370 - notification_scheduler - ERROR - 이메일 발송 실패: (535, b'5.7.8 Username and Password not accepted. For more information, go to\n5.7.8  https://support.google.com/mail/?p=BadCredentials d9443c01a7336-2466887fc75sm53497355ad.105 - gsmtp')
2025-08-25 12:00:23,370 - notification_scheduler - ERROR - 모든 알림 발송 실패
2025-08-25 12:01:57,963 - __main__ - INFO - 설정 파일 로드 완료
2025-08-25 12:01:57,963 - __main__ - INFO - 알림 방식: 둘 다
2025-08-25 12:01:57,963 - __main__ - INFO - 근무 시간: 09:00 - 18:00
2025-08-25 12:01:57,963 - __main__ - INFO - 휴식 간격: 30분
2025-08-25 12:01:57,963 - __main__ - INFO - 설정 파일 로드 완료
2025-08-25 12:01:57,963 - __main__ - INFO - 알림 방식: 둘 다
2025-08-25 12:01:57,965 - __main__ - INFO - 근무 시간: 09:00 - 18:00
2025-08-25 12:01:57,965 - __main__ - INFO - 휴식 간격: 30분
2025-08-25 12:01:57,965 - __main__ - INFO - 스케줄 설정 완료: 30분마다 알림
2025-08-25 12:01:57,965 - __main__ - INFO - === VDT 휴식 알리미 시작 ===
2025-08-25 12:01:57,965 - __main__ - INFO - 프로그램을 종료하려면 Ctrl+C를 누르세요.
2025-08-25 12:02:00,509 - __main__ - ERROR - 이메일 발송 실패: (535, b'5.7.8 Username and Password not accepted. For more information, go to\n5.7.8  https://support.google.com/mail/?p=BadCredentials 98e67ed59e1d1-3254aa650b2sm5721991a91.24 - gsmtp')
2025-08-25 12:02:00,510 - __main__ - WARNING - Slack 설정이 없습니다.
2025-08-25 12:02:00,510 - __main__ - ERROR - 모든 알림 발송 실패
2025-08-25 13:00:36,461 - __main__ - INFO - 설정 파일 로드 완료
2025-08-25 13:00:36,461 - __main__ - INFO - 알림 방식: 둘 다
2025-08-25 13:00:36,461 - __main__ - INFO - 근무 시간: 09:00 - 18:00
2025-08-25 13:00:36,461 - __main__ - INFO - 휴식 간격: 30분
2025-08-25 13:00:36,462 - __main__ - INFO - 설정 파일 로드 완료
2025-08-25 13:00:36,462 - __main__ - INFO - 알림 방식: 둘 다
2025-08-25 13:00:36,462 - __main__ - INFO - 근무 시간: 09:00 - 18:00
2025-08-25 13:00:36,462 - __main__ - INFO - 휴식 간격: 30분
2025-08-25 13:00:36,462 - __main__ - INFO - 스케줄 설정 완료: 30분마다 알림
2025-08-25 13:00:36,462 - __main__ - INFO - === VDT 휴식 알리미 시작 ===
2025-08-25 13:00:36,462 - __main__ - INFO - 프로그램을 종료하려면 Ctrl+C를 누르세요.
2025-08-25 13:00:39,161 - __main__ - ERROR - 이메일 발송 실패: (535, b'5.7.8 Username and Password not accepted. For more information, go to\n5.7.8  https://support.google.com/mail/?p=BadCredentials d2e1a72fcca58-770400010a1sm6065555b3a.43 - gsmtp')
2025-08-25 13:00:39,161 - __main__ - WARNING - Slack 설정이 없습니다.
2025-08-25 13:00:39,161 - __main__ - ERROR - 모든 알림 발송 실패
